[08:20:50] [INFO] [加载凭证] 开始检索本地配置...
[08:20:51] [✓] [加载凭证] 已加载保存的凭证 (账号: schhs334)
[08:20:51] [INFO] ✓ 切换到【项目输入】页面
[08:20:51] [✓] SMS 学生成绩自动上传系统已启动
[08:20:51] [INFO] 📂 日志保存位置: C:\Users\MSI\.sms_app\logs\sms_app_2026-06-04.log
[08:20:52] [INFO] 
======================================================================
[08:20:52] [INFO] 🚀 启动检查：增量更新项目数据
[08:20:52] [INFO] ======================================================================
[08:20:52] [INFO]   📍 正在连接系统...
[08:20:52] [✓]   ✅ 已连接
[08:20:53] [INFO]   📦 缓存总数: 2424 条
[08:20:53] [INFO]   📄 缓存最后一页: 第 243 页
[08:20:53] [INFO]   📍 获取页面总数...
[08:20:53] [✓]   ✅ 页面总数: 2424
[08:20:53] [✓]   ✅ 数据一致，无需更新
[08:20:53] [INFO] ======================================================================

[08:20:53] [✓] ✅ 数据检查完成 - ✅ 数据一致 (总数: 2424)
[08:20:58] [INFO] 正在搜索项目: ACA CMO...
[08:20:58] [INFO] ✅ 找到 200 个项目
[08:20:58] [✓] ✅ 找到 200 个项目
[08:20:58] [✓] 新项目代码已生成: ACA CMO209
[08:22:44] [INFO] [加载凭证] 开始检索本地配置...
[08:22:45] [✓] [加载凭证] 已加载保存的凭证 (账号: schhs334)
[08:22:45] [INFO] ✓ 切换到【项目输入】页面
[08:22:45] [✓] SMS 学生成绩自动上传系统已启动
[08:22:45] [INFO] 📂 日志保存位置: C:\Users\MSI\.sms_app\logs\sms_app_2026-06-04.log
[08:22:45] [INFO] 
======================================================================
[08:22:45] [INFO] 🚀 启动检查：增量更新项目数据
[08:22:45] [INFO] ======================================================================
[08:22:45] [INFO]   📍 正在连接系统...
[08:22:45] [✓]   ✅ 已连接
[08:22:46] [INFO]   📦 缓存总数: 2424 条
[08:22:46] [INFO]   📄 缓存最后一页: 第 243 页
[08:22:46] [INFO]   📍 获取页面总数...
[08:22:46] [✓]   ✅ 页面总数: 2424
[08:22:46] [✓]   ✅ 数据一致，无需更新
[08:22:46] [INFO] ======================================================================

[08:22:46] [✓] ✅ 数据检查完成 - ✅ 数据一致 (总数: 2424)
[08:23:01] [INFO] 正在搜索项目: ACA CMO...
[08:23:02] [INFO] ✅ 找到 200 个项目
[08:23:02] [✓] ✅ 找到 200 个项目
[08:23:02] [✓] 新项目代码已生成: ACA CMO209
[08:23:12] [INFO] 正在添加项目: ACA CMO209 - Malaysia international Mathematical Arithmetic for Schools
2026...
[08:23:12] [INFO] 🚀 使用纯 requests 方式（无需浏览器，速度更快）
[08:23:12] [✓] ✅ 项目已添加: ACA CMO209
[08:23:12] [INFO] 📥 正在从服务器读取最后一条记录...
[08:23:12] [⚠] ⚠️  获取最后一条记录失败: ❌ 登入失败
[08:23:25] [INFO] ✓ 切换到【设定】页面
[08:23:30] [INFO] [更新数据] 开始更新项目数据 (帐号: schhs334)...
[08:23:31] [INFO] 📥 更新中... 第 1/243 页，已下载 10 条
[08:23:31] [INFO] 📥 更新中... 第 2/243 页，已下载 20 条
[08:23:31] [INFO] 📥 更新中... 第 3/243 页，已下载 30 条
[08:23:31] [INFO] 📥 更新中... 第 4/243 页，已下载 40 条
[08:23:31] [INFO] 📥 更新中... 第 5/243 页，已下载 50 条
[08:23:32] [INFO] 📥 更新中... 第 6/243 页，已下载 60 条
[08:23:32] [INFO] 📥 更新中... 第 7/243 页，已下载 70 条
[08:23:32] [INFO] 📥 更新中... 第 8/243 页，已下载 80 条
[08:23:32] [INFO] 📥 更新中... 第 9/243 页，已下载 90 条
[08:23:32] [INFO] 📥 更新中... 第 10/243 页，已下载 100 条
[08:23:32] [INFO] 📥 更新中... 第 11/243 页，已下载 110 条
[08:23:32] [INFO] 📥 更新中... 第 12/243 页，已下载 120 条
[08:23:33] [INFO] 📥 更新中... 第 13/243 页，已下载 130 条
[08:23:33] [INFO] 📥 更新中... 第 14/243 页，已下载 140 条
[08:23:33] [INFO] 📥 更新中... 第 15/243 页，已下载 150 条
[08:23:33] [INFO] 📥 更新中... 第 16/243 页，已下载 160 条
[08:23:33] [INFO] 📥 更新中... 第 17/243 页，已下载 170 条
[08:23:33] [INFO] 📥 更新中... 第 18/243 页，已下载 180 条
[08:23:34] [INFO] 📥 更新中... 第 19/243 页，已下载 190 条
[08:23:34] [INFO] 📥 更新中... 第 20/243 页，已下载 200 条
[08:23:34] [INFO] 📥 更新中... 第 21/243 页，已下载 210 条
[08:23:34] [INFO] 📥 更新中... 第 22/243 页，已下载 220 条
[08:23:34] [INFO] 📥 更新中... 第 23/243 页，已下载 230 条
[08:23:34] [INFO] 📥 更新中... 第 24/243 页，已下载 240 条
[08:23:34] [INFO] 📥 更新中... 第 25/243 页，已下载 250 条
[08:23:35] [INFO] 📥 更新中... 第 26/243 页，已下载 260 条
[08:23:35] [INFO] 📥 更新中... 第 27/243 页，已下载 270 条
[08:23:35] [INFO] 📥 更新中... 第 28/243 页，已下载 280 条
[08:23:35] [INFO] 📥 更新中... 第 29/243 页，已下载 290 条
[08:23:35] [INFO] 📥 更新中... 第 30/243 页，已下载 300 条
[08:23:35] [INFO] 📥 更新中... 第 31/243 页，已下载 310 条
[08:23:36] [INFO] 📥 更新中... 第 32/243 页，已下载 320 条
[08:23:36] [INFO] 📥 更新中... 第 33/243 页，已下载 330 条
[08:23:36] [INFO] 📥 更新中... 第 34/243 页，已下载 340 条
[08:23:36] [INFO] 📥 更新中... 第 35/243 页，已下载 350 条
[08:23:36] [INFO] 📥 更新中... 第 36/243 页，已下载 360 条
[08:23:36] [INFO] 📥 更新中... 第 37/243 页，已下载 370 条
[08:23:37] [INFO] 📥 更新中... 第 38/243 页，已下载 380 条
[08:23:37] [INFO] 📥 更新中... 第 39/243 页，已下载 390 条
[08:23:37] [INFO] ✓ 切换到【项目输入】页面
[08:23:37] [INFO] 📥 更新中... 第 40/243 页，已下载 400 条
[08:23:37] [INFO] 📥 更新中... 第 41/243 页，已下载 410 条
[08:23:37] [INFO] 📥 更新中... 第 42/243 页，已下载 420 条
[08:23:37] [INFO] 📥 更新中... 第 43/243 页，已下载 430 条
[08:23:37] [INFO] 📥 更新中... 第 44/243 页，已下载 440 条
[08:23:38] [INFO] 📥 更新中... 第 45/243 页，已下载 450 条
[08:23:38] [INFO] 📥 更新中... 第 46/243 页，已下载 460 条
[08:23:38] [INFO] 📥 更新中... 第 47/243 页，已下载 470 条
[08:23:38] [INFO] 📥 更新中... 第 48/243 页，已下载 480 条
[08:23:38] [INFO] 📥 更新中... 第 49/243 页，已下载 490 条
[08:23:38] [INFO] 📥 更新中... 第 50/243 页，已下载 500 条
[08:23:39] [INFO] 📥 更新中... 第 51/243 页，已下载 510 条
[08:23:39] [INFO] 📥 更新中... 第 52/243 页，已下载 520 条
[08:23:39] [INFO] 📥 更新中... 第 53/243 页，已下载 530 条
[08:23:39] [INFO] 📥 更新中... 第 54/243 页，已下载 540 条
[08:23:39] [INFO] 📥 更新中... 第 55/243 页，已下载 550 条
[08:23:39] [INFO] 📥 更新中... 第 56/243 页，已下载 560 条
[08:23:39] [INFO] 📥 更新中... 第 57/243 页，已下载 570 条
[08:23:40] [INFO] 📥 更新中... 第 58/243 页，已下载 580 条
[08:23:40] [INFO] 📥 更新中... 第 59/243 页，已下载 590 条
[08:23:40] [INFO] 📥 更新中... 第 60/243 页，已下载 600 条
[08:23:40] [INFO] 📥 更新中... 第 61/243 页，已下载 610 条
[08:23:40] [INFO] 📥 更新中... 第 62/243 页，已下载 620 条
[08:23:41] [INFO] 📥 更新中... 第 63/243 页，已下载 630 条
[08:23:41] [INFO] 📥 更新中... 第 64/243 页，已下载 640 条
[08:23:41] [INFO] 📥 更新中... 第 65/243 页，已下载 650 条
[08:23:41] [INFO] 📥 更新中... 第 66/243 页，已下载 660 条
[08:23:41] [INFO] 📥 更新中... 第 67/243 页，已下载 670 条
[08:23:41] [INFO] 📥 更新中... 第 68/243 页，已下载 680 条
[08:23:41] [INFO] 📥 更新中... 第 69/243 页，已下载 690 条
[08:23:42] [INFO] 📥 更新中... 第 70/243 页，已下载 700 条
[08:23:42] [INFO] 📥 更新中... 第 71/243 页，已下载 710 条
[08:23:42] [INFO] 📥 更新中... 第 72/243 页，已下载 720 条
[08:23:42] [INFO] 📥 更新中... 第 73/243 页，已下载 730 条
[08:23:42] [INFO] 📥 更新中... 第 74/243 页，已下载 740 条
[08:23:42] [INFO] 📥 更新中... 第 75/243 页，已下载 750 条
[08:23:43] [INFO] 📥 更新中... 第 76/243 页，已下载 760 条
[08:23:43] [INFO] 📥 更新中... 第 77/243 页，已下载 770 条
[08:23:43] [INFO] 📥 更新中... 第 78/243 页，已下载 780 条
[08:23:43] [INFO] 📥 更新中... 第 79/243 页，已下载 790 条
[08:23:43] [INFO] 📥 更新中... 第 80/243 页，已下载 800 条
[08:23:43] [INFO] 📥 更新中... 第 81/243 页，已下载 810 条
[08:23:44] [INFO] 📥 更新中... 第 82/243 页，已下载 820 条
[08:23:44] [INFO] 📥 更新中... 第 83/243 页，已下载 830 条
[08:23:44] [INFO] 📥 更新中... 第 84/243 页，已下载 840 条
[08:23:44] [INFO] 📥 更新中... 第 85/243 页，已下载 850 条
[08:23:44] [INFO] 📥 更新中... 第 86/243 页，已下载 860 条
[08:23:44] [INFO] 📥 更新中... 第 87/243 页，已下载 870 条
[08:23:44] [INFO] 📥 更新中... 第 88/243 页，已下载 880 条
[08:23:45] [INFO] 📥 更新中... 第 89/243 页，已下载 890 条
[08:23:45] [INFO] 📥 更新中... 第 90/243 页，已下载 900 条
[08:23:45] [INFO] 📥 更新中... 第 91/243 页，已下载 910 条
[08:23:45] [INFO] 📥 更新中... 第 92/243 页，已下载 920 条
[08:23:45] [INFO] 📥 更新中... 第 93/243 页，已下载 930 条
[08:23:45] [INFO] 📥 更新中... 第 94/243 页，已下载 940 条
[08:23:46] [INFO] 📥 更新中... 第 95/243 页，已下载 950 条
[08:23:46] [INFO] 📥 更新中... 第 96/243 页，已下载 960 条
[08:23:46] [INFO] 📥 更新中... 第 97/243 页，已下载 970 条
[08:23:46] [INFO] 📥 更新中... 第 98/243 页，已下载 980 条
[08:23:46] [INFO] 📥 更新中... 第 99/243 页，已下载 990 条
[08:23:46] [INFO] 📥 更新中... 第 100/243 页，已下载 1000 条
[08:23:47] [INFO] 📥 更新中... 第 101/243 页，已下载 1010 条
[08:23:47] [INFO] 📥 更新中... 第 102/243 页，已下载 1020 条
[08:23:47] [INFO] 📥 更新中... 第 103/243 页，已下载 1030 条
[08:23:47] [INFO] 📥 更新中... 第 104/243 页，已下载 1040 条
[08:23:47] [INFO] 📥 更新中... 第 105/243 页，已下载 1050 条
[08:23:47] [INFO] 📥 更新中... 第 106/243 页，已下载 1060 条
[08:23:47] [INFO] 📥 更新中... 第 107/243 页，已下载 1070 条
[08:23:48] [INFO] 📥 更新中... 第 108/243 页，已下载 1080 条
[08:23:48] [INFO] 📥 更新中... 第 109/243 页，已下载 1090 条
[08:23:48] [INFO] 📥 更新中... 第 110/243 页，已下载 1100 条
[08:23:48] [INFO] 📥 更新中... 第 111/243 页，已下载 1110 条
[08:23:48] [INFO] 📥 更新中... 第 112/243 页，已下载 1120 条
[08:23:48] [INFO] 📥 更新中... 第 113/243 页，已下载 1130 条
[08:23:49] [INFO] 📥 更新中... 第 114/243 页，已下载 1140 条
[08:23:49] [INFO] 📥 更新中... 第 115/243 页，已下载 1150 条
[08:23:49] [INFO] 📥 更新中... 第 116/243 页，已下载 1160 条
[08:23:49] [INFO] 📥 更新中... 第 117/243 页，已下载 1170 条
[08:23:49] [INFO] 📥 更新中... 第 118/243 页，已下载 1180 条
[08:23:49] [INFO] 📥 更新中... 第 119/243 页，已下载 1190 条
[08:23:50] [INFO] 📥 更新中... 第 120/243 页，已下载 1200 条
[08:23:50] [INFO] 📥 更新中... 第 121/243 页，已下载 1210 条
[08:23:50] [INFO] 📥 更新中... 第 122/243 页，已下载 1220 条
[08:23:50] [INFO] 📥 更新中... 第 123/243 页，已下载 1230 条
[08:23:50] [INFO] 📥 更新中... 第 124/243 页，已下载 1240 条
[08:23:50] [INFO] 📥 更新中... 第 125/243 页，已下载 1250 条
[08:23:51] [INFO] 📥 更新中... 第 126/243 页，已下载 1260 条
[08:23:51] [INFO] 📥 更新中... 第 127/243 页，已下载 1270 条
[08:23:51] [INFO] 📥 更新中... 第 128/243 页，已下载 1280 条
[08:23:51] [INFO] 📥 更新中... 第 129/243 页，已下载 1290 条
[08:23:51] [INFO] 📥 更新中... 第 130/243 页，已下载 1300 条
[08:23:51] [INFO] 📥 更新中... 第 131/243 页，已下载 1310 条
[08:23:52] [INFO] 📥 更新中... 第 132/243 页，已下载 1320 条
[08:23:52] [INFO] 📥 更新中... 第 133/243 页，已下载 1330 条
[08:23:52] [INFO] 📥 更新中... 第 134/243 页，已下载 1340 条
[08:23:52] [INFO] 📥 更新中... 第 135/243 页，已下载 1350 条
[08:23:52] [INFO] 📥 更新中... 第 136/243 页，已下载 1360 条
[08:23:52] [INFO] 📥 更新中... 第 137/243 页，已下载 1370 条
[08:23:53] [INFO] 📥 更新中... 第 138/243 页，已下载 1380 条
[08:23:53] [INFO] 📥 更新中... 第 139/243 页，已下载 1390 条
[08:23:53] [INFO] 📥 更新中... 第 140/243 页，已下载 1400 条
[08:23:53] [INFO] 📥 更新中... 第 141/243 页，已下载 1410 条
[08:23:53] [INFO] 📥 更新中... 第 142/243 页，已下载 1420 条
[08:23:53] [INFO] 📥 更新中... 第 143/243 页，已下载 1430 条
[08:23:54] [INFO] 📥 更新中... 第 144/243 页，已下载 1440 条
[08:23:54] [INFO] 📥 更新中... 第 145/243 页，已下载 1450 条
[08:23:54] [INFO] 📥 更新中... 第 146/243 页，已下载 1460 条
[08:23:54] [INFO] 📥 更新中... 第 147/243 页，已下载 1470 条
[08:23:54] [INFO] 📥 更新中... 第 148/243 页，已下载 1480 条
[08:23:54] [INFO] 📥 更新中... 第 149/243 页，已下载 1490 条
[08:23:55] [INFO] 📥 更新中... 第 150/243 页，已下载 1500 条
[08:23:55] [INFO] 📥 更新中... 第 151/243 页，已下载 1510 条
[08:23:55] [INFO] 📥 更新中... 第 152/243 页，已下载 1520 条
[08:23:55] [INFO] 📥 更新中... 第 153/243 页，已下载 1530 条
[08:23:55] [INFO] 📥 更新中... 第 154/243 页，已下载 1540 条
[08:23:55] [INFO] 📥 更新中... 第 155/243 页，已下载 1550 条
[08:23:55] [INFO] 📥 更新中... 第 156/243 页，已下载 1560 条
[08:23:56] [INFO] 📥 更新中... 第 157/243 页，已下载 1570 条
[08:23:56] [INFO] 📥 更新中... 第 158/243 页，已下载 1580 条
[08:23:56] [INFO] 📥 更新中... 第 159/243 页，已下载 1590 条
[08:23:56] [INFO] 📥 更新中... 第 160/243 页，已下载 1600 条
[08:23:56] [INFO] 📥 更新中... 第 161/243 页，已下载 1610 条
[08:23:56] [INFO] 📥 更新中... 第 162/243 页，已下载 1620 条
[08:23:57] [INFO] 📥 更新中... 第 163/243 页，已下载 1630 条
[08:23:57] [INFO] 📥 更新中... 第 164/243 页，已下载 1640 条
[08:23:57] [INFO] 📥 更新中... 第 165/243 页，已下载 1650 条
[08:23:57] [INFO] 📥 更新中... 第 166/243 页，已下载 1660 条
[08:23:57] [INFO] 📥 更新中... 第 167/243 页，已下载 1670 条
[08:23:57] [INFO] 📥 更新中... 第 168/243 页，已下载 1680 条
[08:23:58] [INFO] 📥 更新中... 第 169/243 页，已下载 1690 条
[08:23:58] [INFO] 📥 更新中... 第 170/243 页，已下载 1700 条
[08:23:58] [INFO] 📥 更新中... 第 171/243 页，已下载 1710 条
[08:23:58] [INFO] 📥 更新中... 第 172/243 页，已下载 1720 条
[08:23:58] [INFO] 📥 更新中... 第 173/243 页，已下载 1730 条
[08:23:58] [INFO] 📥 更新中... 第 174/243 页，已下载 1740 条
[08:23:59] [INFO] 📥 更新中... 第 175/243 页，已下载 1750 条
[08:23:59] [INFO] 📥 更新中... 第 176/243 页，已下载 1760 条
[08:23:59] [INFO] 📥 更新中... 第 177/243 页，已下载 1770 条
[08:23:59] [INFO] 📥 更新中... 第 178/243 页，已下载 1780 条
[08:23:59] [INFO] 📥 更新中... 第 179/243 页，已下载 1790 条
[08:23:59] [INFO] 📥 更新中... 第 180/243 页，已下载 1800 条
[08:23:59] [INFO] 📥 更新中... 第 181/243 页，已下载 1810 条
[08:24:00] [INFO] 📥 更新中... 第 182/243 页，已下载 1820 条
[08:24:00] [INFO] 📥 更新中... 第 183/243 页，已下载 1830 条
[08:24:00] [INFO] 📥 更新中... 第 184/243 页，已下载 1840 条
[08:24:00] [INFO] 📥 更新中... 第 185/243 页，已下载 1850 条
[08:24:00] [INFO] 📥 更新中... 第 186/243 页，已下载 1860 条
[08:24:00] [INFO] 📥 更新中... 第 187/243 页，已下载 1870 条
[08:24:01] [INFO] 📥 更新中... 第 188/243 页，已下载 1880 条
[08:24:01] [INFO] 📥 更新中... 第 189/243 页，已下载 1890 条
[08:24:01] [INFO] 📥 更新中... 第 190/243 页，已下载 1900 条
[08:24:01] [INFO] 📥 更新中... 第 191/243 页，已下载 1910 条
[08:24:01] [INFO] 📥 更新中... 第 192/243 页，已下载 1920 条
[08:24:01] [INFO] 📥 更新中... 第 193/243 页，已下载 1930 条
[08:24:02] [INFO] 📥 更新中... 第 194/243 页，已下载 1940 条
[08:24:02] [INFO] 📥 更新中... 第 195/243 页，已下载 1950 条
[08:24:02] [INFO] 📥 更新中... 第 196/243 页，已下载 1960 条
[08:24:02] [INFO] 📥 更新中... 第 197/243 页，已下载 1970 条
[08:24:02] [INFO] 📥 更新中... 第 198/243 页，已下载 1980 条
[08:24:02] [INFO] 📥 更新中... 第 199/243 页，已下载 1990 条
[08:24:03] [INFO] 📥 更新中... 第 200/243 页，已下载 2000 条
[08:24:03] [INFO] 📥 更新中... 第 201/243 页，已下载 2010 条
[08:24:03] [INFO] 📥 更新中... 第 202/243 页，已下载 2020 条
[08:24:03] [INFO] 📥 更新中... 第 203/243 页，已下载 2030 条
[08:24:03] [INFO] 📥 更新中... 第 204/243 页，已下载 2040 条
[08:24:03] [INFO] 📥 更新中... 第 205/243 页，已下载 2050 条
[08:24:04] [INFO] 📥 更新中... 第 206/243 页，已下载 2060 条
[08:24:04] [INFO] 📥 更新中... 第 207/243 页，已下载 2070 条
[08:24:04] [INFO] 📥 更新中... 第 208/243 页，已下载 2080 条
[08:24:04] [INFO] 📥 更新中... 第 209/243 页，已下载 2090 条
[08:24:04] [INFO] 📥 更新中... 第 210/243 页，已下载 2100 条
[08:24:04] [INFO] 📥 更新中... 第 211/243 页，已下载 2110 条
[08:24:05] [INFO] 📥 更新中... 第 212/243 页，已下载 2120 条
[08:24:05] [INFO] 📥 更新中... 第 213/243 页，已下载 2130 条
[08:24:05] [INFO] 📥 更新中... 第 214/243 页，已下载 2140 条
[08:24:05] [INFO] 📥 更新中... 第 215/243 页，已下载 2150 条
[08:24:05] [INFO] 📥 更新中... 第 216/243 页，已下载 2160 条
[08:24:05] [INFO] 📥 更新中... 第 217/243 页，已下载 2170 条
[08:24:05] [INFO] 📥 更新中... 第 218/243 页，已下载 2180 条
[08:24:06] [INFO] 📥 更新中... 第 219/243 页，已下载 2190 条
[08:24:06] [INFO] 📥 更新中... 第 220/243 页，已下载 2200 条
[08:24:06] [INFO] 📥 更新中... 第 221/243 页，已下载 2210 条
[08:24:06] [INFO] 📥 更新中... 第 222/243 页，已下载 2220 条
[08:24:06] [INFO] 📥 更新中... 第 223/243 页，已下载 2230 条
[08:24:06] [INFO] 📥 更新中... 第 224/243 页，已下载 2240 条
[08:24:07] [INFO] 📥 更新中... 第 225/243 页，已下载 2250 条
[08:24:07] [INFO] 📥 更新中... 第 226/243 页，已下载 2260 条
[08:24:07] [INFO] 📥 更新中... 第 227/243 页，已下载 2270 条
[08:24:07] [INFO] 📥 更新中... 第 228/243 页，已下载 2280 条
[08:24:07] [INFO] 📥 更新中... 第 229/243 页，已下载 2290 条
[08:24:07] [INFO] 📥 更新中... 第 230/243 页，已下载 2300 条
[08:24:08] [INFO] 📥 更新中... 第 231/243 页，已下载 2310 条
[08:24:08] [INFO] 📥 更新中... 第 232/243 页，已下载 2320 条
[08:24:08] [INFO] 📥 更新中... 第 233/243 页，已下载 2330 条
[08:24:08] [INFO] 📥 更新中... 第 234/243 页，已下载 2340 条
[08:24:08] [INFO] 📥 更新中... 第 235/243 页，已下载 2350 条
[08:24:08] [INFO] 📥 更新中... 第 236/243 页，已下载 2360 条
[08:24:09] [INFO] 📥 更新中... 第 237/243 页，已下载 2370 条
[08:24:09] [INFO] 📥 更新中... 第 238/243 页，已下载 2380 条
[08:24:09] [INFO] 📥 更新中... 第 239/243 页，已下载 2390 条
[08:24:09] [INFO] 📥 更新中... 第 240/243 页，已下载 2400 条
[08:24:09] [INFO] 📥 更新中... 第 241/243 页，已下载 2410 条
[08:24:09] [INFO] 📥 更新中... 第 242/243 页，已下载 2420 条
[08:24:10] [INFO] 📥 更新中... 第 243/243 页，已下载 2425 条
[08:24:10] [✓] [更新数据] ✅ 项目数据已更新，共 2425 条
[08:24:18] [INFO] [加载凭证] 开始检索本地配置...
[08:24:18] [✓] [加载凭证] 已加载保存的凭证 (账号: schhs334)
[08:24:18] [INFO] ✓ 切换到【项目输入】页面
[08:24:18] [✓] SMS 学生成绩自动上传系统已启动
[08:24:18] [INFO] 📂 日志保存位置: C:\Users\MSI\.sms_app\logs\sms_app_2026-06-04.log
[08:24:19] [INFO] 
======================================================================
[08:24:19] [INFO] 🚀 启动检查：增量更新项目数据
[08:24:19] [INFO] ======================================================================
[08:24:19] [INFO]   📍 正在连接系统...
[08:24:19] [✓]   ✅ 已连接
[08:24:19] [INFO]   📦 缓存总数: 2425 条
[08:24:19] [INFO]   📄 缓存最后一页: 第 243 页
[08:24:19] [INFO]   📍 获取页面总数...
[08:24:19] [✓]   ✅ 页面总数: 2425
[08:24:19] [✓]   ✅ 数据一致，无需更新
[08:24:19] [INFO] ======================================================================

[08:24:19] [✓] ✅ 数据检查完成 - ✅ 数据一致 (总数: 2425)
[08:24:23] [INFO] 正在搜索项目: ACA CMO...
[08:24:23] [INFO] ✅ 找到 201 个项目
[08:24:23] [✓] ✅ 找到 201 个项目
[08:24:23] [✓] 新项目代码已生成: ACA CMO210
[08:24:31] [INFO] ✓ 切换到【成绩上传】页面
[08:25:04] [✓] 已选择文件: C:/Users/MSI/Documents/2026/06_JUN/2026 MiMAS成績上傳.xlsx
[08:25:04] [INFO] 已加载 20 行数据
[08:25:06] [INFO] 开始上传: C:/Users/MSI/Documents/2026/06_JUN/2026 MiMAS成績上傳.xlsx
[08:25:06] [INFO] [上传线程] 读取 Excel 文件: C:/Users/MSI/Documents/2026/06_JUN/2026 MiMAS成績上傳.xlsx
[08:25:06] [INFO] [上传线程] 读取到活动代码: ACA CMO209
[08:25:06] [INFO] [上传线程] 读取到 42 条有效数据
[08:25:06] [INFO] [上传线程] 日期: 2026-04-23, 活动代码: ACA CMO209
[08:25:06] [INFO] [上传线程] 创建 SMS 处理器...
[08:25:06] [INFO] [上传线程] 开始上传数据（带自动重新登入机制）...
[08:25:06] [INFO]   OK: Login successful
[08:25:07] [INFO]   所需班级 ID: ['693', '701', '706', '709', '713', '714', '722', '723', '726', '731', '734', '740', '743', '747', '750', '752', '756', '759']
[08:25:07] [INFO]   探测路由 transaction/studentPerformance/update: HTTP 500, students=0
[08:25:08] [INFO]   探测路由 transaction/studentPerformance/create: HTTP 200, students=56
[08:25:08] [INFO]   ✓ 已选择学生名单路由: transaction/studentPerformance/create (空白名单(create))
[08:25:08] [INFO]     Class 693: 56 students
[08:25:08] [INFO]     Class 701: 55 students
[08:25:08] [INFO]     Class 706: 54 students
[08:25:08] [INFO]     Class 709: 55 students
[08:25:09] [INFO]     Class 713: 54 students
[08:25:09] [INFO]     Class 714: 54 students
[08:25:09] [INFO]     Class 722: 51 students
[08:25:09] [INFO]     Class 723: 52 students
[08:25:10] [INFO]     Class 726: 52 students
[08:25:10] [INFO]     Class 731: 44 students
[08:25:10] [INFO]     Class 734: 47 students
[08:25:10] [INFO]     Class 740: 47 students
[08:25:11] [INFO]     Class 743: 51 students
[08:25:11] [INFO]     Class 747: 50 students
[08:25:11] [INFO]     Class 750: 53 students
[08:25:11] [INFO]     Class 752: 53 students
[08:25:11] [INFO]     Class 756: 42 students
[08:25:12] [INFO]     Class 759: 41 students
[08:25:12] [INFO]   OK: Found 911 total students
[08:25:12] [INFO]   === Matching students ===
[08:25:12] [INFO]     Matching: J1A - 26484...
[08:25:12] [✓]       FOUND (internal_id: 9586)
[08:25:12] [INFO]     Matching: J1B - 26016...
[08:25:12] [✓]       FOUND (internal_id: 8959)
[08:25:12] [INFO]     Matching: J1B - 26077...
[08:25:12] [✓]       FOUND (internal_id: 9114)
[08:25:12] [INFO]     Matching: J1B - 26007...
[08:25:12] [✓]       FOUND (internal_id: 8973)
[08:25:12] [INFO]     Matching: J2A - 25193...
[08:25:12] [✓]       FOUND (internal_id: 8610)
[08:25:12] [INFO]     Matching: J2B - 25608...
[08:25:12] [✓]       FOUND (internal_id: 8930)
[08:25:12] [INFO]     Matching: J2B - 25198...
[08:25:12] [✓]       FOUND (internal_id: 8630)
[08:25:12] [INFO]     Matching: J2B - 25017...
[08:25:12] [✓]       FOUND (internal_id: 8174)
[08:25:12] [INFO]     Matching: J2C - 25189...
[08:25:12] [✓]       FOUND (internal_id: 8780)
[08:25:12] [INFO]     Matching: J2C - 25124...
[08:25:12] [✓]       FOUND (internal_id: 8528)
[08:25:12] [INFO]     Matching: J2D - 25081...
[08:25:12] [✓]       FOUND (internal_id: 8366)
[08:25:12] [INFO]     Matching: J3A - 24028...
[08:25:12] [✓]       FOUND (internal_id: 7466)
[08:25:12] [INFO]     Matching: J3B - 24177...
[08:25:12] [✓]       FOUND (internal_id: 7816)
[08:25:12] [INFO]     Matching: J3B - 24001...
[08:25:12] [✓]       FOUND (internal_id: 7429)
[08:25:12] [INFO]     Matching: J3D - 24017...
[08:25:12] [✓]       FOUND (internal_id: 7504)
[08:25:12] [INFO]     Matching: J3D - 24141...
[08:25:12] [✓]       FOUND (internal_id: 7726)
[08:25:12] [INFO]     Matching: S1A - 23055...
[08:25:12] [✓]       FOUND (internal_id: 6992)
[08:25:12] [INFO]     Matching: S1A - 23456...
[08:25:12] [✓]       FOUND (internal_id: 7354)
[08:25:12] [INFO]     Matching: S1A - 23094...
[08:25:12] [✓]       FOUND (internal_id: 7177)
[08:25:12] [INFO]     Matching: S1B - 23486...
[08:25:12] [✓]       FOUND (internal_id: 6758)
[08:25:12] [INFO]     Matching: S1B - 23070...
[08:25:12] [✓]       FOUND (internal_id: 6980)
[08:25:12] [INFO]     Matching: S1B - 23082...
[08:25:12] [✓]       FOUND (internal_id: 7120)
[08:25:12] [INFO]     Matching: S1B - 23061...
[08:25:12] [✓]       FOUND (internal_id: 6749)
[08:25:12] [INFO]     Matching: S2A - 22140...
[08:25:12] [✓]       FOUND (internal_id: 6112)
[08:25:12] [INFO]     Matching: S2A - 22112...
[08:25:12] [✓]       FOUND (internal_id: 6316)
[08:25:12] [INFO]     Matching: S2B - 22339...
[08:25:12] [✓]       FOUND (internal_id: 6405)
[08:25:12] [INFO]     Matching: S2B - 22007...
[08:25:12] [✓]       FOUND (internal_id: 6042)
[08:25:12] [INFO]     Matching: S2B - 22071...
[08:25:12] [✓]       FOUND (internal_id: 6385)
[08:25:12] [INFO]     Matching: S2B - 22257...
[08:25:12] [✓]       FOUND (internal_id: 6225)
[08:25:12] [INFO]     Matching: S2B - 22385...
[08:25:12] [✓]       FOUND (internal_id: 6395)
[08:25:12] [INFO]     Matching: S2B - 22016...
[08:25:12] [✓]       FOUND (internal_id: 6172)
[08:25:12] [INFO]     Matching: S2B - 22009...
[08:25:12] [✓]       FOUND (internal_id: 6044)
[08:25:12] [INFO]     Matching: AC2A - 22128...
[08:25:12] [✓]       FOUND (internal_id: 6101)
[08:25:12] [INFO]     Matching: C2A - 22411...
[08:25:12] [✓]       FOUND (internal_id: 6394)
[08:25:12] [INFO]     Matching: S3A - 21180...
[08:25:12] [✓]       FOUND (internal_id: 5517)
[08:25:12] [INFO]     Matching: S3A - 21060...
[08:25:12] [✓]       FOUND (internal_id: 5708)
[08:25:12] [INFO]     Matching: S3A - 21010...
[08:25:12] [✓]       FOUND (internal_id: 5329)
[08:25:12] [INFO]     Matching: S3A - 21006...
[08:25:12] [✓]       FOUND (internal_id: 5311)
[08:25:12] [INFO]     Matching: S3A - 21001...
[08:25:12] [✓]       FOUND (internal_id: 5300)
[08:25:12] [INFO]     Matching: S3B - 21062...
[08:25:12] [✓]       FOUND (internal_id: 5714)
[08:25:12] [INFO]     Matching: S3B - 21007...
[08:25:12] [✓]       FOUND (internal_id: 5322)
[08:25:12] [INFO]     Matching: C3A - 21042...
[08:25:12] [✓]       FOUND (internal_id: 5483)
[08:25:12] [INFO] 
  === Upload Summary ===
[08:25:12] [INFO]   Total matched to upload: 42
[08:25:12] [INFO]   Not found: 0
[08:25:12] [INFO] 
Step 5: Submit form data...
[08:25:13] [✓]   OK: Success: 42 students submitted
[08:25:13] [✓] [上传线程] ✅ 上传成功！(42/42 条)
[08:25:13] [✓] ✅ 上传成功！(42/42 条)
