[0/6] 讀取 Excel 資料...
  日期: 2024-11-24, 活動: ACA CMO183
  [去重] 跳過重複的 S3B - 20122（第 11 行）
  [去重] 跳過重複的 S3A - 20445（第 12 行）
  [去重] 跳過重複的 S3A - 20071（第 13 行）
  [去重] 跳過重複的 S3B - 20044（第 14 行）
  [去重] 跳過重複的 S3A - 20091（第 15 行）
python : Traceback (most recent call last):
位於 線路:1 字元:56
+ ... \文件\chhsban\SMSproject"; python fill_english_names_v2.py 2>&1 | Tee-O ...
+                              ~~~~~~~~~~~~~~~~~~~~~~~~~~~~~~~~~~~~
    + CategoryInfo          : NotSpecified: (Traceback (most recent call last)::String) [], RemoteExc 
   eption
    + FullyQualifiedErrorId : NativeCommandError
 
  File "C:\Users\wes chen\OneDrive\文件\chhsban\SMSproject\fill_english_names_v2.py", line 435, in <modu
le>
    main()
    ~~~~^^
  File "C:\Users\wes chen\OneDrive\文件\chhsban\SMSproject\fill_english_names_v2.py", line 325, in main
    print(f'\u2713 讀取到 {len(students_by_class)} 個班級，共 {sum(len(v) for v in students_by_class.values())
} 位學生')
    ~~~~~^^^^^^^^^^^^^^^^^^^^^^^^^^^^^^^^^^^^^^^^^^^^^^^^^^^^^^^^^^^^^^^^^^^^^^^^^^^^^^^^^^^^^^^^^^^^^
^^^^^^^^^^^^^
UnicodeEncodeError: 'cp950' codec can't encode character '\u2713' in position 0: illegal multibyte seq
uence
